h0 := 0x6A09E667
h1 := 0xBB67AE85
h2 := 0x3C6EF372
h3 := 0xA54FF53A
h4 := 0x510E527F
h5 := 0x9B05688C
h6 := 0x1F83D9AB
h7 := 0x5BE0CD19
k0 := 0x428A2F98
k1 := 0x71374491
k2 := 0xB5C0FBCF
k3 := 0xE9B5DBA5
k4 := 0x3956C25B
k5 := 0x59F111F1
k6 := 0x923F82A4
k7 := 0xAB1C5ED5
k8 := 0xD807AA98
k9 := 0x12835B01
k10 := 0x243185BE
k11 := 0x550C7DC3
k12 := 0x72BE5D74
k13 := 0x80DEB1FE
k14 := 0x9BDC06A7
k15 := 0xC19BF174
k16 := 0xE49B69C1
k17 := 0xEFBE4786
k18 := 0x0FC19DC6
k19 := 0x240CA1CC
k20 := 0x2DE92C6F
k21 := 0x4A7484AA
k22 := 0x5CB0A9DC
k23 := 0x76F988DA
k24 := 0x983E5152
k25 := 0xA831C66D
k26 := 0xB00327C8
k27 := 0xBF597FC7
k28 := 0xC6E00BF3
k29 := 0xD5A79147
k30 := 0x06CA6351
k31 := 0x14292967
k32 := 0x27B70A85
k33 := 0x2E1B2138
k34 := 0x4D2C6DFC
k35 := 0x53380D13
k36 := 0x650A7354
k37 := 0x766A0ABB
k38 := 0x81C2C92E
k39 := 0x92722C85
k40 := 0xA2BFE8A1
k41 := 0xA81A664B
k42 := 0xC24B8B70
k43 := 0xC76C51A3
k44 := 0xD192E819
k45 := 0xD6990624
k46 := 0xF40E3585
k47 := 0x106AA070
k48 := 0x19A4C116
k49 := 0x1E376C08
k50 := 0x2748774C
k51 := 0x34B0BCB5
k52 := 0x391C0CB3
k53 := 0x4ED8AA4A
k54 := 0x5B9CCA4F
k55 := 0x682E6FF3
k56 := 0x748F82EE
k57 := 0x78A5636F
k58 := 0x84C87814
k59 := 0x8CC70208
k60 := 0x90BEFFFA
k61 := 0xA4506CEB
k62 := 0xBEF9A3F7
k63 := 0xC67178F2
